
> hollow-web@0.0.0 build
> tsc -b && vite build

src/App.tsx(9,3): error TS6133: 'faqs' is declared but its value is never read.
src/App.tsx(286,31): error TS6133: 'idx' is declared but its value is never read.
